// Jest Snapshot v1, https://goo.gl/fbAQLP

exports[`Test the quote component has all snapshots working 1`] = `
<div
  className="q-div"
>
  <p
    className="q-pageText"
  >
    Somehow it’s okay for people to chuckle about not being good at math. Yet, if I said “I never learned to read,” they’d say I was an illiterate dolt. —Neil deGrasse Tyson, American astrophysicist and author
  </p>
</div>
`;
